[debug] [2025-09-15T14:52:27.831Z] ----------------------------------------------------------------------
[debug] [2025-09-15T14:52:27.834Z] Command:       C:\Program Files\nodejs\node.exe C:\Users\DELL\AppData\Roaming\npm\node_modules\firebase-tools\lib\bin\firebase.js init
[debug] [2025-09-15T14:52:27.834Z] CLI Version:   14.12.1
[debug] [2025-09-15T14:52:27.834Z] Platform:      win32
[debug] [2025-09-15T14:52:27.834Z] Node Version:  v22.17.1
[debug] [2025-09-15T14:52:27.835Z] Time:          Mon Sep 15 2025 20:22:27 GMT+0530 (India Standard Time)
[debug] [2025-09-15T14:52:27.835Z] ----------------------------------------------------------------------
[debug] 
[debug] [2025-09-15T14:52:27.841Z] > command requires scopes: ["email","openid","https://www.googleapis.com/auth/cloudplatformprojects.readonly","https://www.googleapis.com/auth/firebase","https://www.googleapis.com/auth/cloud-platform"]
[debug] [2025-09-15T14:52:27.841Z] > authorizing via signed-in user (yogeshsharrma356@gmail.com)
[info] 
     ######## #### ########  ######## ########     ###     ######  ########
     ##        ##  ##     ## ##       ##     ##  ##   ##  ##       ##
     ######    ##  ########  ######   ########  #########  ######  ######
     ##        ##  ##    ##  ##       ##     ## ##     ##       ## ##
     ##       #### ##     ## ######## ########  ##     ##  ######  ########

You're about to initialize a Firebase project in this directory:

  D:\NODE-FIRST-APP

[info] 
=== Project Setup
[info] 
[info] First, let's associate this project directory with a Firebase project.
[info] You can create multiple project aliases by running firebase use --add, 
[info] but for now we'll just set up a default project.
[info] 
[info] i  If you want to create a project in a Google Cloud organization or folder, please use "firebase projects:create" instead, and return to this command when you've created the project. 
[debug] [2025-09-15T14:55:00.523Z] Checked if tokens are valid: true, expires at: 1757951484743
[debug] [2025-09-15T14:55:00.523Z] Checked if tokens are valid: true, expires at: 1757951484743
[debug] [2025-09-15T14:55:00.527Z] >>> [apiv2][query] POST https://firebase.googleapis.com/v1/projects:checkProjectId [none]
[debug] [2025-09-15T14:55:00.527Z] >>> [apiv2][body] POST https://firebase.googleapis.com/v1/projects:checkProjectId {"proposedId":"firebase project:create"}
[debug] [2025-09-15T14:55:00.806Z] <<< [apiv2][status] POST https://firebase.googleapis.com/v1/projects:checkProjectId 400
[debug] [2025-09-15T14:55:00.806Z] <<< [apiv2][body] POST https://firebase.googleapis.com/v1/projects:checkProjectId {"error":{"code":400,"message":"Request contains an invalid argument.","status":"INVALID_ARGUMENT"}}
[debug] [2025-09-15T14:55:00.808Z] Couldn't check if project ID firebase project:create is available. Original error: FirebaseError: Failed to check if project ID is available. See firebase-debug.log for more info.
[debug] [2025-09-15T14:55:11.747Z] Checked if tokens are valid: true, expires at: 1757951484743
[debug] [2025-09-15T14:55:11.747Z] Checked if tokens are valid: true, expires at: 1757951484743
[debug] [2025-09-15T14:55:11.747Z] >>> [apiv2][query] POST https://cloudresourcemanager.googleapis.com/v1/projects [none]
[debug] [2025-09-15T14:55:11.748Z] >>> [apiv2][body] POST https://cloudresourcemanager.googleapis.com/v1/projects {"projectId":"firebase project:create","name":"shop-cart"}
[debug] [2025-09-15T14:55:13.278Z] <<< [apiv2][status] POST https://cloudresourcemanager.googleapis.com/v1/projects 400
[debug] [2025-09-15T14:55:13.279Z] <<< [apiv2][body] POST https://cloudresourcemanager.googleapis.com/v1/projects {"error":{"code":400,"message":"field [project_id] has issue [Cannot create domain prefixed projects]","status":"INVALID_ARGUMENT","details":[{"@type":"type.googleapis.com/google.rpc.BadRequest","fieldViolations":[{"field":"project_id","description":"Cannot create domain prefixed projects"}]},{"@type":"type.googleapis.com/google.rpc.Help","links":[{"url":"https://cloud.google.com/resource-manager/reference/rest/v1/projects"}]}]}}
[debug] [2025-09-15T14:55:13.424Z] FirebaseError: Request to https://cloudresourcemanager.googleapis.com/v1/projects had HTTP Error: 400, field [project_id] has issue [Cannot create domain prefixed projects]
    at responseToError (C:\Users\DELL\AppData\Roaming\npm\node_modules\firebase-tools\lib\responseToError.js:52:12)
    at RetryOperation._fn (C:\Users\DELL\AppData\Roaming\npm\node_modules\firebase-tools\lib\apiv2.js:312:77)
    at process.processTicksAndRejections (node:internal/process/task_queues:105:5)
[error] 
[error] Error: Failed to create project. See firebase-debug.log for more info.
